// Jest Snapshot v1, https://goo.gl/fbAQLP

exports[`CustomerAddOrUpdate renders correctly 1`] = `
<styled.form
  data-test-id="form"
  noValidate={true}
  onSubmit={[Function]}
>
  <h1>
    Add
     Customer
  </h1>
  <WithStyles(ForwardRef(TextField))
    error={false}
    id="firstName"
    label="First Name"
    margin="normal"
    onChange={[Function]}
    required={true}
    value=""
  />
  <WithStyles(ForwardRef(TextField))
    error={false}
    id="lastName"
    label="Last Name"
    margin="normal"
    onChange={[Function]}
    required={true}
    value=""
  />
  <WithStyles(ForwardRef(TextField))
    InputLabelProps={
      Object {
        "shrink": true,
      }
    }
    error={false}
    id="dateOfBirth"
    label="Date of Birth"
    margin="normal"
    onChange={[Function]}
    required={true}
    type="date"
    value=""
  />
  <styled.div>
    <WithStyles(ForwardRef(Button))
      color="primary"
      component={[Function]}
      to="/"
      variant="contained"
    >
      Cancel
    </WithStyles(ForwardRef(Button))>
    <Styled(WithStyles(ForwardRef(Button)))
      color="primary"
      data-test-id="saveButton"
      disabled={true}
      type="submit"
      variant="contained"
    >
      Save
    </Styled(WithStyles(ForwardRef(Button)))>
  </styled.div>
</styled.form>
`;
